[debug] [2024-06-04T10:22:01.331Z] ----------------------------------------------------------------------
[debug] [2024-06-04T10:22:01.333Z] Command:       C:\Program Files\nodejs\node.exe C:\Users\maste\AppData\Roaming\npm\node_modules\firebase-tools\lib\bin\firebase.js projects:list --json
[debug] [2024-06-04T10:22:01.334Z] CLI Version:   12.4.8
[debug] [2024-06-04T10:22:01.334Z] Platform:      win32
[debug] [2024-06-04T10:22:01.334Z] Node Version:  v18.17.0
[debug] [2024-06-04T10:22:01.335Z] Time:          Tue Jun 04 2024 15:52:01 GMT+0530 (India Standard Time)
[debug] [2024-06-04T10:22:01.335Z] ----------------------------------------------------------------------
[debug] 
[debug] [2024-06-04T10:22:01.343Z] > command requires scopes: ["email","openid","https://www.googleapis.com/auth/cloudplatformprojects.readonly","https://www.googleapis.com/auth/firebase","https://www.googleapis.com/auth/cloud-platform"]
[debug] [2024-06-04T10:22:01.344Z] > authorizing via signed-in user (masternk007@gmail.com)
[debug] [2024-06-04T10:22:01.347Z] > refreshing access token with scopes: []
[debug] [2024-06-04T10:22:01.348Z] >>> [apiv2][query] POST https://www.googleapis.com/oauth2/v3/token [none]
[debug] [2024-06-04T10:22:01.348Z] >>> [apiv2][body] POST https://www.googleapis.com/oauth2/v3/token [omitted]
[debug] [2024-06-04T10:22:01.563Z] <<< [apiv2][status] POST https://www.googleapis.com/oauth2/v3/token 400
[debug] [2024-06-04T10:22:01.564Z] <<< [apiv2][body] POST https://www.googleapis.com/oauth2/v3/token [omitted]
[debug] [2024-06-04T10:22:01.566Z] >>> [apiv2][query] GET https://firebase.googleapis.com/v1beta1/projects pageSize=1000
[debug] [2024-06-04T10:22:01.749Z] <<< [apiv2][status] GET https://firebase.googleapis.com/v1beta1/projects 401
[debug] [2024-06-04T10:22:01.749Z] <<< [apiv2][body] GET https://firebase.googleapis.com/v1beta1/projects [omitted]
[debug] [2024-06-04T10:22:01.750Z] HTTP Error: 401, Request had invalid authentication credentials. Expected OAuth 2 access token, login cookie or other valid authentication credential. See https://developers.google.com/identity/sign-in/web/devconsole-project.
[debug] [2024-06-04T10:22:02.102Z] FirebaseError: HTTP Error: 401, Request had invalid authentication credentials. Expected OAuth 2 access token, login cookie or other valid authentication credential. See https://developers.google.com/identity/sign-in/web/devconsole-project.
    at responseToError (C:\Users\maste\AppData\Roaming\npm\node_modules\firebase-tools\lib\responseToError.js:49:12)
    at RetryOperation._fn (C:\Users\maste\AppData\Roaming\npm\node_modules\firebase-tools\lib\apiv2.js:285:77)
    at process.processTicksAndRejections (node:internal/process/task_queues:95:5)
[error] 
[error] Error: Failed to list Firebase projects. See firebase-debug.log for more info.
